[2026-05-15 12:47:31] [INFO] Log file: /mnt/d/贯维/Omni_Pre_Processor/logs/opp_20260515_124731_802.log
[2026-05-15 12:47:38] [WARNING] Audio transcription unavailable - faster-whisper not installed
[2026-05-15 12:47:38] [WARNING] Audio transcription unavailable - faster-whisper not installed
[2026-05-15 12:49:31] [WARNING] EPUB parsing failed: 'Bad Zip file'
[2026-05-15 12:49:31] [WARNING] EPUB parsing failed: 'Can not find container file'
[2026-05-15 12:49:31] [INFO] HTML提取: 模式=complex
[2026-05-15 12:49:31] [WARNING] docling不可用，降级到readability
[2026-05-15 12:49:31] [INFO] HTML提取: 模式=complex
[2026-05-15 12:49:31] [WARNING] docling不可用，降级到readability
[2026-05-15 12:49:31] [INFO] HTML提取: 模式=complex
[2026-05-15 12:49:31] [WARNING] docling不可用，降级到readability
[2026-05-15 12:49:31] [INFO] HTML提取: 模式=complex
[2026-05-15 12:49:31] [WARNING] docling不可用，降级到readability
[2026-05-15 12:49:31] [INFO] HTML提取: 模式=complex
[2026-05-15 12:49:31] [WARNING] docling不可用，降级到readability
[2026-05-15 12:49:31] [INFO] HTML提取: 模式=complex
[2026-05-15 12:49:31] [WARNING] docling不可用，降级到readability
[2026-05-15 12:50:09] [INFO] HTML提取: 模式=complex
[2026-05-15 12:50:09] [WARNING] docling不可用，降级到readability
[2026-05-15 12:50:09] [INFO] HTML提取: 模式=complex
[2026-05-15 12:50:09] [WARNING] docling不可用，降级到readability
[2026-05-15 12:50:10] [WARNING] Cannot open image for OCR: cannot identify image file '/tmp/pytest-of-renanzai/pytest-7/test_corrupted_image0/corrupted.png'
