[2026-05-16 00:36:34] [INFO] Log file: /mnt/d/贯维/Omni_Pre_Processor/logs/opp_20260516_003634_490.log
[2026-05-16 00:36:43] [WARNING] Audio transcription unavailable - faster-whisper not installed
[2026-05-16 00:36:43] [WARNING] Audio transcription unavailable - faster-whisper not installed
[2026-05-16 00:38:28] [WARNING] EPUB parsing failed: 'Bad Zip file'
[2026-05-16 00:38:28] [WARNING] EPUB parsing failed: 'Can not find container file'
[2026-05-16 00:38:28] [INFO] HTML提取: 模式=complex
[2026-05-16 00:38:28] [WARNING] docling不可用，降级到readability
[2026-05-16 00:38:28] [INFO] HTML提取: 模式=complex
[2026-05-16 00:38:28] [WARNING] docling不可用，降级到readability
[2026-05-16 00:38:28] [INFO] HTML提取: 模式=complex
[2026-05-16 00:38:28] [WARNING] docling不可用，降级到readability
[2026-05-16 00:38:28] [INFO] HTML提取: 模式=complex
[2026-05-16 00:38:28] [WARNING] docling不可用，降级到readability
[2026-05-16 00:38:28] [INFO] HTML提取: 模式=complex
[2026-05-16 00:38:28] [WARNING] docling不可用，降级到readability
[2026-05-16 00:38:28] [INFO] HTML提取: 模式=complex
[2026-05-16 00:38:28] [WARNING] docling不可用，降级到readability
[2026-05-16 00:38:56] [INFO] HTML提取: 模式=complex
[2026-05-16 00:38:56] [WARNING] docling不可用，降级到readability
[2026-05-16 00:38:56] [INFO] HTML提取: 模式=complex
[2026-05-16 00:38:56] [WARNING] docling不可用，降级到readability
[2026-05-16 00:38:56] [WARNING] Cannot open image for OCR: cannot identify image file '/tmp/pytest-of-renanzai/pytest-12/test_corrupted_image0/corrupted.png'
