[2026-05-15 12:26:06] [INFO] Log file: /mnt/d/贯维/Omni_Pre_Processor/logs/opp_20260515_122606_678.log
[2026-05-15 12:26:13] [WARNING] Audio transcription unavailable - faster-whisper not installed
[2026-05-15 12:26:13] [WARNING] Audio transcription unavailable - faster-whisper not installed
[2026-05-15 12:28:04] [WARNING] EPUB parsing failed: 'Bad Zip file'
[2026-05-15 12:28:04] [WARNING] EPUB parsing failed: 'Can not find container file'
[2026-05-15 12:28:04] [INFO] HTML提取: 模式=complex
[2026-05-15 12:28:04] [WARNING] docling不可用，降级到readability
[2026-05-15 12:28:04] [INFO] HTML提取: 模式=complex
[2026-05-15 12:28:04] [WARNING] docling不可用，降级到readability
[2026-05-15 12:28:04] [INFO] HTML提取: 模式=complex
[2026-05-15 12:28:04] [WARNING] docling不可用，降级到readability
[2026-05-15 12:28:04] [INFO] HTML提取: 模式=complex
[2026-05-15 12:28:04] [WARNING] docling不可用，降级到readability
[2026-05-15 12:28:04] [INFO] HTML提取: 模式=complex
[2026-05-15 12:28:04] [WARNING] docling不可用，降级到readability
[2026-05-15 12:28:04] [INFO] HTML提取: 模式=complex
[2026-05-15 12:28:04] [WARNING] docling不可用，降级到readability
[2026-05-15 12:28:41] [INFO] HTML提取: 模式=complex
[2026-05-15 12:28:41] [WARNING] docling不可用，降级到readability
[2026-05-15 12:28:41] [INFO] HTML提取: 模式=complex
[2026-05-15 12:28:41] [WARNING] docling不可用，降级到readability
[2026-05-15 12:28:42] [WARNING] Cannot open image for OCR: cannot identify image file '/tmp/pytest-of-renanzai/pytest-3/test_corrupted_image0/corrupted.png'
