[2026-05-19 22:39:28] [INFO] Log file: /mnt/d/贯维/Omni_Pre_Processor/logs/opp_20260519_223928_492.log
[2026-05-19 22:41:38] [WARNING] EPUB parsing failed: 'Bad Zip file'
[2026-05-19 22:41:38] [WARNING] EPUB parsing failed: 'Can not find container file'
[2026-05-19 22:41:38] [INFO] HTML提取: 模式=complex
[2026-05-19 22:41:38] [WARNING] docling不可用，降级到readability
[2026-05-19 22:41:38] [INFO] HTML提取: 模式=complex
[2026-05-19 22:41:38] [WARNING] docling不可用，降级到readability
[2026-05-19 22:41:38] [INFO] HTML提取: 模式=complex
[2026-05-19 22:41:38] [WARNING] docling不可用，降级到readability
[2026-05-19 22:41:38] [INFO] HTML提取: 模式=complex
[2026-05-19 22:41:38] [WARNING] docling不可用，降级到readability
[2026-05-19 22:41:38] [INFO] HTML提取: 模式=complex
[2026-05-19 22:41:38] [WARNING] docling不可用，降级到readability
[2026-05-19 22:41:38] [INFO] HTML提取: 模式=complex
[2026-05-19 22:41:38] [WARNING] docling不可用，降级到readability
[2026-05-19 22:42:07] [INFO] HTML提取: 模式=complex
[2026-05-19 22:42:07] [WARNING] docling不可用，降级到readability
[2026-05-19 22:42:07] [INFO] HTML提取: 模式=complex
[2026-05-19 22:42:07] [WARNING] docling不可用，降级到readability
[2026-05-19 22:42:08] [WARNING] Cannot open image for OCR: cannot identify image file '/tmp/pytest-of-renanzai/pytest-29/test_corrupted_image0/corrupted.png'
