[2026-05-16 00:39:38] [INFO] Log file: /mnt/d/贯维/Omni_Pre_Processor/logs/opp_20260516_003938_119.log
[2026-05-16 00:39:44] [WARNING] Audio transcription unavailable - faster-whisper not installed
[2026-05-16 00:39:44] [WARNING] Audio transcription unavailable - faster-whisper not installed
[2026-05-16 00:41:26] [WARNING] EPUB parsing failed: 'Bad Zip file'
[2026-05-16 00:41:26] [WARNING] EPUB parsing failed: 'Can not find container file'
[2026-05-16 00:41:26] [INFO] HTML提取: 模式=complex
[2026-05-16 00:41:26] [WARNING] docling不可用，降级到readability
[2026-05-16 00:41:26] [INFO] HTML提取: 模式=complex
[2026-05-16 00:41:26] [WARNING] docling不可用，降级到readability
[2026-05-16 00:41:26] [INFO] HTML提取: 模式=complex
[2026-05-16 00:41:26] [WARNING] docling不可用，降级到readability
[2026-05-16 00:41:26] [INFO] HTML提取: 模式=complex
[2026-05-16 00:41:26] [WARNING] docling不可用，降级到readability
[2026-05-16 00:41:26] [INFO] HTML提取: 模式=complex
[2026-05-16 00:41:26] [WARNING] docling不可用，降级到readability
[2026-05-16 00:41:27] [INFO] HTML提取: 模式=complex
[2026-05-16 00:41:27] [WARNING] docling不可用，降级到readability
[2026-05-16 00:41:54] [INFO] HTML提取: 模式=complex
[2026-05-16 00:41:54] [WARNING] docling不可用，降级到readability
[2026-05-16 00:41:54] [INFO] HTML提取: 模式=complex
[2026-05-16 00:41:54] [WARNING] docling不可用，降级到readability
[2026-05-16 00:41:54] [WARNING] Cannot open image for OCR: cannot identify image file '/tmp/pytest-of-renanzai/pytest-13/test_corrupted_image0/corrupted.png'
