[2026-05-15 12:31:43] [INFO] Log file: /mnt/d/贯维/Omni_Pre_Processor/logs/opp_20260515_123143_877.log
[2026-05-15 12:31:50] [WARNING] Audio transcription unavailable - faster-whisper not installed
[2026-05-15 12:31:50] [WARNING] Audio transcription unavailable - faster-whisper not installed
[2026-05-15 12:33:40] [WARNING] EPUB parsing failed: 'Bad Zip file'
[2026-05-15 12:33:40] [WARNING] EPUB parsing failed: 'Can not find container file'
[2026-05-15 12:33:40] [INFO] HTML提取: 模式=complex
[2026-05-15 12:33:40] [WARNING] docling不可用，降级到readability
[2026-05-15 12:33:40] [INFO] HTML提取: 模式=complex
[2026-05-15 12:33:40] [WARNING] docling不可用，降级到readability
[2026-05-15 12:33:40] [INFO] HTML提取: 模式=complex
[2026-05-15 12:33:40] [WARNING] docling不可用，降级到readability
[2026-05-15 12:33:40] [INFO] HTML提取: 模式=complex
[2026-05-15 12:33:40] [WARNING] docling不可用，降级到readability
[2026-05-15 12:33:40] [INFO] HTML提取: 模式=complex
[2026-05-15 12:33:40] [WARNING] docling不可用，降级到readability
[2026-05-15 12:33:40] [INFO] HTML提取: 模式=complex
[2026-05-15 12:33:40] [WARNING] docling不可用，降级到readability
[2026-05-15 12:34:17] [INFO] HTML提取: 模式=complex
[2026-05-15 12:34:17] [WARNING] docling不可用，降级到readability
[2026-05-15 12:34:17] [INFO] HTML提取: 模式=complex
[2026-05-15 12:34:17] [WARNING] docling不可用，降级到readability
[2026-05-15 12:34:18] [WARNING] Cannot open image for OCR: cannot identify image file '/tmp/pytest-of-renanzai/pytest-4/test_corrupted_image0/corrupted.png'
