[2026-05-15 13:27:00] [INFO] Log file: /mnt/d/贯维/Omni_Pre_Processor/logs/opp_20260515_132700_748.log
[2026-05-15 13:27:07] [WARNING] Audio transcription unavailable - faster-whisper not installed
[2026-05-15 13:27:07] [WARNING] Audio transcription unavailable - faster-whisper not installed
[2026-05-15 13:28:59] [WARNING] EPUB parsing failed: 'Bad Zip file'
[2026-05-15 13:28:59] [WARNING] EPUB parsing failed: 'Can not find container file'
[2026-05-15 13:29:00] [INFO] HTML提取: 模式=complex
[2026-05-15 13:29:00] [WARNING] docling不可用，降级到readability
[2026-05-15 13:29:00] [INFO] HTML提取: 模式=complex
[2026-05-15 13:29:00] [WARNING] docling不可用，降级到readability
[2026-05-15 13:29:00] [INFO] HTML提取: 模式=complex
[2026-05-15 13:29:00] [WARNING] docling不可用，降级到readability
[2026-05-15 13:29:00] [INFO] HTML提取: 模式=complex
[2026-05-15 13:29:00] [WARNING] docling不可用，降级到readability
[2026-05-15 13:29:00] [INFO] HTML提取: 模式=complex
[2026-05-15 13:29:00] [WARNING] docling不可用，降级到readability
[2026-05-15 13:29:00] [INFO] HTML提取: 模式=complex
[2026-05-15 13:29:00] [WARNING] docling不可用，降级到readability
[2026-05-15 13:29:35] [INFO] HTML提取: 模式=complex
[2026-05-15 13:29:35] [WARNING] docling不可用，降级到readability
[2026-05-15 13:29:35] [INFO] HTML提取: 模式=complex
[2026-05-15 13:29:35] [WARNING] docling不可用，降级到readability
[2026-05-15 13:29:36] [WARNING] Cannot open image for OCR: cannot identify image file '/tmp/pytest-of-renanzai/pytest-8/test_corrupted_image0/corrupted.png'
