[2026-05-22 16:30:49] [INFO] Log file: /mnt/d/贯维/Omni_Pre_Processor/logs/opp_20260522_163049_031.log
[2026-05-22 16:31:07] [WARNING] Audio transcription unavailable - faster-whisper not installed
[2026-05-22 16:31:07] [WARNING] Audio transcription unavailable - faster-whisper not installed
[2026-05-22 16:33:05] [WARNING] EPUB parsing failed: 'Bad Zip file'
[2026-05-22 16:33:05] [WARNING] EPUB parsing failed: 'Can not find container file'
[2026-05-22 16:33:05] [INFO] HTML提取: 模式=complex
[2026-05-22 16:33:05] [WARNING] docling不可用，降级到readability
[2026-05-22 16:33:05] [INFO] HTML提取: 模式=complex
[2026-05-22 16:33:05] [WARNING] docling不可用，降级到readability
[2026-05-22 16:33:05] [INFO] HTML提取: 模式=complex
[2026-05-22 16:33:05] [WARNING] docling不可用，降级到readability
[2026-05-22 16:33:05] [INFO] HTML提取: 模式=complex
[2026-05-22 16:33:05] [WARNING] docling不可用，降级到readability
[2026-05-22 16:33:05] [INFO] HTML提取: 模式=complex
[2026-05-22 16:33:05] [WARNING] docling不可用，降级到readability
[2026-05-22 16:33:05] [INFO] HTML提取: 模式=complex
[2026-05-22 16:33:05] [WARNING] docling不可用，降级到readability
[2026-05-22 16:33:37] [INFO] HTML提取: 模式=complex
[2026-05-22 16:33:37] [WARNING] docling不可用，降级到readability
[2026-05-22 16:33:37] [INFO] HTML提取: 模式=complex
[2026-05-22 16:33:37] [WARNING] docling不可用，降级到readability
[2026-05-22 16:33:37] [WARNING] Cannot open image for OCR: cannot identify image file '/tmp/pytest-of-renanzai/pytest-16/test_corrupted_image0/corrupted.png'
